---
source: src/evaluator/expression/if_expression/tests/mod.rs
expression: "crate::evaluator::evaluate(crate::evaluator::model::evaluator_context::EvaluatorContext::new(),\n                           crate::syntax_analysis::get_abstract_syntax_tree(crate::lexical_analysis::LexicalAnalysis::from(code)))"

---
(
    EvaluatorContext,
    Null,
)
