---
source: src/evaluator/expression/if_expression/tests/mod.rs
expression: "crate::evaluator::evaluate(crate::evaluator::evaluator_context::EvaluatorContext::new(),\n                           crate::syntax_analysis::get_abstract_syntax_tree(crate::lexical_analysis::get_tokens(code)))"
---
[
  {},
  {
    "INTEGER": {
      "value": 4
    }
  }
]
