---
source: src/tests/let_statement/mod.rs
expression: tokens
---
[
    Let,
    Identifier {
        literal: "double",
    },
    Assign,
    Function,
    OpeningRoundBracket,
    Identifier {
        literal: "x",
    },
    ClosingRoundBracket,
    OpeningCurlyBracket,
    Identifier {
        literal: "x",
    },
    Multiply,
    Integer {
        literal: 2,
    },
    ClosingCurlyBracket,
    SemiColon,
    EndOfFile,
]
