---
source: src/tests/let_statement/mod.rs
expression: evaluator
---
Evaluator {
    environment: Environment {
        current: Scope {
            variables: {
                "PascalCase": String {
                    value: "terrible format",
                },
            },
            enclosing: None,
        },
    },
}
