---
source: src/tests/let_statement/mod.rs
expression: evaluator
---
Evaluator {
    environment: Environment {
        current: Scope {
            variables: {
                "file": String {
                    value: "/tmp/temp.txt",
                },
            },
            enclosing: None,
        },
    },
}
