---
source: src/tests/let_statement/mod.rs
expression: abstract_syntax_tree
---
[
    Statement {
        statement: Let {
            identifier: "double",
            expression: Function {
                parameters: [
                    "x",
                ],
                block: Block {
                    nodes: [
                        Expression {
                            expression: MultiplyInfix {
                                left_hand: Identifier {
                                    identifier: "x",
                                },
                                right_hand: Integer {
                                    literal: 2,
                                },
                            },
                        },
                    ],
                },
            },
        },
    },
]
