---
source: src/tests/let_statement/mod.rs
assertion_line: 39
expression: tokens
---
[
    PositionedToken {
        token: Let,
        position: Position {
            line: 1,
            column: 1,
        },
    },
    PositionedToken {
        token: Identifier {
            literal: "csv_content",
        },
        position: Position {
            line: 1,
            column: 5,
        },
    },
    PositionedToken {
        token: Assign,
        position: Position {
            line: 1,
            column: 17,
        },
    },
    PositionedToken {
        token: String {
            literal: "col_1\tcol_2\tcol_3\n",
        },
        position: Position {
            line: 1,
            column: 19,
        },
    },
    PositionedToken {
        token: SemiColon,
        position: Position {
            line: 1,
            column: 42,
        },
    },
]
