---
source: src/tests/let_statement/mod.rs
expression: evaluator
---
Evaluator {
    environment: Environment {
        current: Scope {
            variables: {
                "flatcase": Integer {
                    value: 3,
                },
            },
            enclosing: None,
        },
    },
}
