---
source: src/tests/let_statement/mod.rs
assertion_line: 39
expression: tokens
---
[
    PositionedToken {
        token: Let,
        position: Position {
            line: 1,
            column: 1,
        },
    },
    PositionedToken {
        token: Identifier {
            literal: "a",
        },
        position: Position {
            line: 1,
            column: 5,
        },
    },
    PositionedToken {
        token: Assign,
        position: Position {
            line: 1,
            column: 7,
        },
    },
    PositionedToken {
        token: Integer {
            literal: 5,
        },
        position: Position {
            line: 1,
            column: 9,
        },
    },
    PositionedToken {
        token: SemiColon,
        position: Position {
            line: 1,
            column: 10,
        },
    },
]
