---
source: src/tests/let_statement/mod.rs
expression: tokens
---
[
    Let,
    Identifier {
        literal: "a",
    },
    Assign,
    Integer {
        literal: 25,
    },
    SemiColon,
    Let,
    Identifier {
        literal: "b",
    },
    Assign,
    Integer {
        literal: 91,
    },
    SemiColon,
    EndOfFile,
]
