---
source: src/tests/let_statement/mod.rs
expression: evaluator
---
Evaluator {
    environment: Environment {
        current: Scope {
            variables: {
                "sentence": String {
                    value: "this is a multiple words...\n",
                },
            },
            enclosing: None,
        },
    },
}
