---
source: src/tests/integer_infix_expression/mod.rs
expression: abstract_syntax_tree
---
[
    Expression {
        expression: Infix {
            left_hand: MinusInfix {
                left_hand: Integer {
                    literal: 5,
                },
                right_hand: Integer {
                    literal: 10,
                },
            },
            operator: Multiply,
            right_hand: Integer {
                literal: 10,
            },
        },
    },
]
