---
source: src/tests/integer_infix_expression/mod.rs
assertion_line: 25
expression: tokens
---
[
    PositionedToken {
        token: Minus,
        position: Position {
            line: 1,
            column: 1,
        },
    },
    PositionedToken {
        token: Integer {
            literal: 3,
        },
        position: Position {
            line: 1,
            column: 2,
        },
    },
    PositionedToken {
        token: Minus,
        position: Position {
            line: 1,
            column: 4,
        },
    },
    PositionedToken {
        token: Minus,
        position: Position {
            line: 1,
            column: 6,
        },
    },
    PositionedToken {
        token: Integer {
            literal: 3,
        },
        position: Position {
            line: 1,
            column: 7,
        },
    },
]
