---
source: src/tests/identifier_expression/mod.rs
expression: tokens
---
[
    Let,
    Identifier {
        literal: "is_file",
    },
    Assign,
    False,
    SemiColon,
    Let,
    Identifier {
        literal: "is_directory",
    },
    Assign,
    Not,
    Identifier {
        literal: "is_file",
    },
    SemiColon,
    Identifier {
        literal: "is_directory",
    },
]
