---
source: src/tests/identifier_expression/mod.rs
expression: tokens
---
[
    Let,
    Identifier {
        literal: "add",
    },
    Assign,
    Function,
    OpeningRoundBracket,
    Identifier {
        literal: "x",
    },
    Comma,
    Identifier {
        literal: "y",
    },
    ClosingRoundBracket,
    OpeningCurlyBracket,
    Identifier {
        literal: "x",
    },
    Plus,
    Identifier {
        literal: "y",
    },
    ClosingCurlyBracket,
    Identifier {
        literal: "add",
    },
    EndOfFile,
]
