---
source: src/tests/identifier_expression/mod.rs
expression: abstract_syntax_tree
---
[
    Statement {
        statement: Let {
            identifier: "UPPER_CASE_SNAKE_CASE",
            expression: Boolean {
                boolean: False,
            },
        },
    },
    Expression {
        expression: Identifier {
            identifier: "UPPER_CASE_SNAKE_CASE",
        },
    },
]
