---
source: src/tests/identifier_expression/mod.rs
assertion_line: 51
expression: tokens
---
[
    PositionedToken {
        token: Let,
        position: Position {
            line: 1,
            column: 1,
        },
    },
    PositionedToken {
        token: Identifier {
            literal: "is_directory",
        },
        position: Position {
            line: 1,
            column: 5,
        },
    },
    PositionedToken {
        token: Assign,
        position: Position {
            line: 1,
            column: 18,
        },
    },
    PositionedToken {
        token: False,
        position: Position {
            line: 1,
            column: 20,
        },
    },
    PositionedToken {
        token: SemiColon,
        position: Position {
            line: 1,
            column: 25,
        },
    },
    PositionedToken {
        token: Identifier {
            literal: "is_file",
        },
        position: Position {
            line: 2,
            column: 1,
        },
    },
]
