---
source: src/tests/identifier_expression/mod.rs
expression: abstract_syntax_tree
---
[
    Statement {
        statement: Let {
            identifier: "PascalCase",
            expression: String {
                literal: "terrible format",
            },
        },
    },
    Expression {
        expression: Identifier {
            identifier: "PascalCase",
        },
    },
]
