---
source: src/tests/identifier_expression/mod.rs
expression: evaluator
---
Evaluator {
    environment: Environment {
        current: Scope {
            variables: {
                "a": Integer {
                    value: 25,
                },
                "b": Integer {
                    value: 91,
                },
            },
            enclosing: None,
        },
    },
}
