---
source: src/tests/identifier_expression/mod.rs
expression: abstract_syntax_tree
---
[
    Statement {
        statement: Let {
            identifier: "is_directory",
            expression: Boolean {
                literal: false,
            },
        },
    },
    Expression {
        expression: Identifier {
            identifier: "is_file",
        },
    },
]
