---
source: src/tests/if_expression/mod.rs
expression: abstract_syntax_tree
---
[
    Expression {
        expression: If {
            condition: Boolean {
                literal: true,
            },
            consequence: Block {
                nodes: [
                    Expression {
                        expression: Integer {
                            literal: 10,
                        },
                    },
                ],
            },
            alternative: None,
        },
    },
]
