---
source: src/syntax_analysis/tests.rs
expression: returned_abstract_syntax_tree
---
{
  "abstract_syntax_tree": [
    {
      "EXPRESSION": {
        "expression": {
          "INFIX": {
            "left_hand_expression": {
              "INTEGER": {
                "integer_token": {
                  "token_type": "INTEGER",
                  "literal": "15"
                }
              }
            },
            "operator_token": {
              "token_type": "PLUS",
              "literal": "+"
            },
            "right_hand_expression": {
              "INTEGER": {
                "integer_token": {
                  "token_type": "INTEGER",
                  "literal": "5"
                }
              }
            }
          }
        }
      }
    }
  ],
  "syntax_parsing_errors": []
}
