---
source: src/syntax_analysis/tests.rs
expression: returned_abstract_syntax_tree
---
{
  "program": [
    {
      "EXPRESSION_STATEMENT": {
        "initial_expression_token": {
          "token_type": "NOT",
          "literal": "!"
        },
        "expression": {
          "PREFIX": {
            "prefix_token": {
              "token_type": "NOT",
              "literal": "!"
            },
            "right_hand_expression": {
              "INFIX": {
                "left_hand_expression": {
                  "BOOLEAN": {
                    "boolean_token": {
                      "token_type": "TRUE",
                      "literal": "TRUE"
                    }
                  }
                },
                "operator_token": {
                  "token_type": "EQUALS",
                  "literal": "=="
                },
                "right_hand_expression": {
                  "BOOLEAN": {
                    "boolean_token": {
                      "token_type": "TRUE",
                      "literal": "TRUE"
                    }
                  }
                }
              }
            }
          }
        }
      }
    }
  ],
  "syntax_parsing_errors": []
}
