---
source: src/tests/call_expression/mod.rs
expression: evaluator
---
Evaluator {
    environment: Environment {
        current: Scope {
            variables: {
                "curried": Function {
                    parameters: [
                        "x",
                    ],
                    block: Block {
                        nodes: [
                            Expression {
                                expression: Function {
                                    parameters: [
                                        "y",
                                    ],
                                    block: Block {
                                        nodes: [
                                            Expression {
                                                expression: Identifier {
                                                    identifier: "y",
                                                },
                                            },
                                        ],
                                    },
                                },
                            },
                        ],
                    },
                    ..
                },
            },
            enclosing: None,
        },
    },
}
