---
source: src/tests/call_expression/mod.rs
assertion_line: 20
expression: tokens
---
[
    PositionedToken {
        token: Function,
        position: Position {
            line: 1,
            column: 1,
        },
    },
    PositionedToken {
        token: OpeningRoundBracket,
        position: Position {
            line: 1,
            column: 3,
        },
    },
    PositionedToken {
        token: Identifier {
            literal: "x",
        },
        position: Position {
            line: 1,
            column: 4,
        },
    },
    PositionedToken {
        token: ClosingRoundBracket,
        position: Position {
            line: 1,
            column: 5,
        },
    },
    PositionedToken {
        token: OpeningCurlyBracket,
        position: Position {
            line: 1,
            column: 7,
        },
    },
    PositionedToken {
        token: Identifier {
            literal: "x",
        },
        position: Position {
            line: 1,
            column: 9,
        },
    },
    PositionedToken {
        token: SemiColon,
        position: Position {
            line: 1,
            column: 10,
        },
    },
    PositionedToken {
        token: ClosingCurlyBracket,
        position: Position {
            line: 1,
            column: 12,
        },
    },
    PositionedToken {
        token: OpeningRoundBracket,
        position: Position {
            line: 1,
            column: 13,
        },
    },
    PositionedToken {
        token: Integer {
            literal: 5,
        },
        position: Position {
            line: 1,
            column: 14,
        },
    },
    PositionedToken {
        token: ClosingRoundBracket,
        position: Position {
            line: 1,
            column: 15,
        },
    },
    PositionedToken {
        token: SemiColon,
        position: Position {
            line: 1,
            column: 16,
        },
    },
]
