---
source: src/tests/call_expression/mod.rs
expression: abstract_syntax_tree
---
[
    Expression {
        expression: Call {
            function: Function {
                parameters: [
                    "x",
                    "y",
                ],
                block: Block {
                    nodes: [
                        Expression {
                            expression: PlusInfix {
                                left_hand: Identifier {
                                    identifier: "x",
                                },
                                right_hand: Identifier {
                                    identifier: "y",
                                },
                            },
                        },
                    ],
                },
            },
            arguments: [
                Integer {
                    literal: 2,
                },
                Integer {
                    literal: 3,
                },
            ],
        },
    },
]
