---
source: src/tests/call_expression/mod.rs
expression: tokens
---
[
    Function,
    OpeningRoundBracket,
    Identifier {
        literal: "x",
    },
    ClosingRoundBracket,
    OpeningCurlyBracket,
    Identifier {
        literal: "x",
    },
    Multiply,
    Integer {
        literal: 2,
    },
    ClosingCurlyBracket,
    OpeningRoundBracket,
    Integer {
        literal: 5,
    },
    ClosingRoundBracket,
    SemiColon,
    EndOfFile,
]
