---
source: src/syntax_analysis/expression/tests/mod.rs
expression: "crate::syntax_analysis::SyntaxAnalysis::from(crate::lexical_analysis::LexicalAnalysis::from(code).unwrap())"

---
Ok(
    [
        Expression {
            expression: Prefix {
                prefix_token: Not,
                right_hand: Boolean {
                    boolean_token: False,
                },
            },
        },
    ],
)
