---
source: src/syntax_analysis/expression/tests/mod.rs
expression: "crate::syntax_analysis::SyntaxAnalysis::from(crate::lexical_analysis::LexicalAnalysis::from(code).unwrap())"

---
Ok(
    [
        Expression {
            expression: String {
                literal: "column-1\tcolumn-2\n",
            },
        },
    ],
)
