---
source: src/lexical_analysis/tests/mod.rs
expression: "crate::lexical_analysis::LexicalAnalysis::from(code)"

---
Ok(
    [
        Let,
        Identifier {
            literal: "quotedFile",
        },
        Assign,
        String {
            literal: "\"file.txt\"",
        },
        EndOfFile,
    ],
)
