---
source: src/lexical_analysis/tests/mod.rs
expression: "crate::lexical_analysis::LexicalAnalysis::from(code)"

---
Ok(
    [
        Let,
        Identifier {
            literal: "firstName",
        },
        Assign,
        String {
            literal: "this is a string",
        },
        SemiColon,
        EndOfFile,
    ],
)
