---
source: src/lexical_analysis/tests/mod.rs
expression: "crate::lexical_analysis::LexicalAnalysis::from(code)"

---
Ok(
    [
        Let,
        Identifier {
            literal: "varX",
        },
        Assign,
        Integer {
            literal: 5,
        },
        Plus,
        Integer {
            literal: 5,
        },
        SemiColon,
        EndOfFile,
    ],
)
