---
source: src/lexical_analysis/tests/mod.rs
expression: "crate::lexical_analysis::LexicalAnalysis::from(code)"

---
Ok(
    [
        Let,
        Identifier {
            literal: "lines",
        },
        Assign,
        String {
            literal: "line1\nline2\n",
        },
        EndOfFile,
    ],
)
