---
source: src/syntax_analysis/statement/tests/mod.rs
expression: "crate::syntax_analysis::SyntaxAnalysis::from(crate::lexical_analysis::LexicalAnalysis::from(code).unwrap())"

---
Ok(
    [
        Statement {
            statement: Return {
                expression: Integer {
                    literal: 5,
                },
            },
        },
    ],
)
