---
source: src/syntax_analysis/statement/tests/mod.rs
expression: "crate::syntax_analysis::SyntaxAnalysis::from(crate::lexical_analysis::LexicalAnalysis::from(code))"

---
AbstractSyntaxTree {
    abstract_syntax_tree: [
        Statement {
            statement: Let {
                identifier: "x",
                expression: Integer {
                    integer_token: Integer {
                        literal: "5",
                    },
                },
            },
        },
        Statement {
            statement: Let {
                identifier: "z",
                expression: Infix {
                    left_hand: Integer {
                        integer_token: Integer {
                            literal: "7",
                        },
                    },
                    operator_token: Plus,
                    right_hand: Integer {
                        integer_token: Integer {
                            literal: "10",
                        },
                    },
                },
            },
        },
    ],
    syntax_parsing_errors: [],
}
