---
source: src/syntax_analysis/statement/tests/mod.rs
expression: "crate::syntax_analysis::get_abstract_syntax_tree(crate::lexical_analysis::get_tokens(code))"
---
AbstractSyntaxTree {
    abstract_syntax_tree: [
        Statement {
            statement: Return {
                expression: Integer {
                    integer_token: Integer {
                        literal: "5",
                    },
                },
            },
        },
        Statement {
            statement: Return {
                expression: Identifier {
                    identifier_token: Identifier {
                        literal: "x",
                    },
                },
            },
        },
    ],
    syntax_parsing_errors: [],
}
