---
source: src/syntax_analysis/statement/tests/mod.rs
expression: "crate::syntax_analysis::SyntaxAnalysis::from(crate::lexical_analysis::LexicalAnalysis::from(code).unwrap())"

---
Ok(
    [
        Statement {
            statement: Return {
                expression: Integer {
                    integer_token: Integer {
                        literal: 5,
                    },
                },
            },
        },
        Statement {
            statement: Return {
                expression: Identifier {
                    identifier: "x",
                },
            },
        },
    ],
)
