---
source: src/syntax_analysis/expressions/tests.rs
expression: "crate::syntax_analysis::get_abstract_syntax_tree(crate::lexical_analysis::get_tokens(code))"
---
{
  "abstract_syntax_tree": [
    {
      "EXPRESSION": {
        "expression": {
          "INTEGER": {
            "integer_token": {
              "INTEGER": {
                "literal": "5"
              }
            }
          }
        }
      }
    }
  ],
  "syntax_parsing_errors": []
}
