---
source: src/syntax_analysis/expressions/function_expression/tests/mod.rs
expression: "crate::syntax_analysis::get_abstract_syntax_tree(crate::lexical_analysis::get_tokens(code.to_string()))"
---
{
  "abstract_syntax_tree": [
    {
      "EXPRESSION": {
        "expression": {
          "FUNCTION": {
            "parameters": [
              {
                "IDENTIFIER": {
                  "identifier_token": {
                    "IDENTIFIER": {
                      "literal": "x"
                    }
                  }
                }
              },
              {
                "IDENTIFIER": {
                  "identifier_token": {
                    "IDENTIFIER": {
                      "literal": "y"
                    }
                  }
                }
              }
            ],
            "block": {
              "nodes": [
                {
                  "EXPRESSION": {
                    "expression": {
                      "INFIX": {
                        "left_hand": {
                          "IDENTIFIER": {
                            "identifier_token": {
                              "IDENTIFIER": {
                                "literal": "x"
                              }
                            }
                          }
                        },
                        "operator_token": "PLUS",
                        "right_hand": {
                          "IDENTIFIER": {
                            "identifier_token": {
                              "IDENTIFIER": {
                                "literal": "y"
                              }
                            }
                          }
                        }
                      }
                    }
                  }
                }
              ]
            }
          }
        }
      }
    }
  ],
  "syntax_parsing_errors": []
}
