---
source: src/syntax_analysis/expressions/grouped_expression/tests.rs
expression: "crate::syntax_analysis::get_abstract_syntax_tree(tokens)"
---
{
  "abstract_syntax_tree": [
    {
      "EXPRESSION": {
        "expression": {
          "PREFIX": {
            "prefix_token": "MINUS",
            "right_hand_expression": {
              "EXPRESSION": {
                "expression": {
                  "INFIX": {
                    "left_hand_expression": {
                      "INTEGER": {
                        "integer_token": {
                          "INTEGER": {
                            "literal": "5"
                          }
                        }
                      }
                    },
                    "operator_token": "MULTIPLY",
                    "right_hand_expression": {
                      "INTEGER": {
                        "integer_token": {
                          "INTEGER": {
                            "literal": "10"
                          }
                        }
                      }
                    }
                  }
                }
              }
            }
          }
        }
      }
    }
  ],
  "syntax_parsing_errors": []
}
