---
source: src/syntax_analysis/expressions/grouped_expression/tests.rs
expression: "crate::syntax_analysis::get_abstract_syntax_tree(tokens)"
---
{
  "abstract_syntax_tree": [
    {
      "EXPRESSION": {
        "expression": {
          "PREFIX": {
            "prefix_token": "NOT",
            "right_hand_expression": {
              "EXPRESSION": {
                "expression": {
                  "INFIX": {
                    "left_hand_expression": {
                      "BOOLEAN": {
                        "boolean_token": "TRUE"
                      }
                    },
                    "operator_token": "EQUALS",
                    "right_hand_expression": {
                      "BOOLEAN": {
                        "boolean_token": "TRUE"
                      }
                    }
                  }
                }
              }
            }
          }
        }
      }
    }
  ],
  "syntax_parsing_errors": []
}
