---
source: src/lexical_analysis/tests.rs
expression: returned_token_order
---
[
  {
    "token_type": "IF",
    "literal": "if"
  },
  {
    "token_type": "FALSE",
    "literal": "false"
  },
  {
    "token_type": "RETURN",
    "literal": "return"
  },
  {
    "token_type": "INTEGER",
    "literal": "3"
  },
  {
    "token_type": "SEMI_COLON",
    "literal": ";"
  },
  {
    "token_type": "EOF",
    "literal": ""
  }
]
