---
source: src/lexical_analysis/tests.rs
expression: returned_token_order
---
[
  {
    "token_type": "LET",
    "literal": "let"
  },
  {
    "token_type": "IDENTIFIER",
    "literal": "camel_case"
  },
  {
    "token_type": "SEMI_COLON",
    "literal": ";"
  },
  {
    "token_type": "EOF",
    "literal": ""
  }
]
