---
source: src/lexical_analysis/tests.rs
expression: returned_token_order
---
[
  {
    "token_type": "NOT",
    "literal": "!"
  },
  {
    "token_type": "MULTIPLY",
    "literal": "*"
  },
  {
    "token_type": "ASSIGN",
    "literal": "="
  },
  {
    "token_type": "EOF",
    "literal": ""
  }
]
