---
source: src/syntax_analysis/expression/pratt_parsing/infix_expression/tests/mod.rs
expression: "crate::syntax_analysis::SyntaxAnalysis::from(crate::lexical_analysis::LexicalAnalysis::from(code).unwrap())"

---
Ok(
    [
        Expression {
            expression: Infix {
                left_hand: Integer {
                    integer_token: Integer {
                        literal: 6,
                    },
                },
                operator_token: Minus,
                right_hand: Integer {
                    integer_token: Integer {
                        literal: 6,
                    },
                },
            },
        },
    ],
)
