---
source: src/syntax_analysis/expression/pratt_parsing/infix_expression/tests/mod.rs
expression: "crate::syntax_analysis::get_abstract_syntax_tree(crate::lexical_analysis::get_tokens(code))"
---
{
  "abstract_syntax_tree": [
    {
      "EXPRESSION": {
        "expression": {
          "INFIX": {
            "left_hand": {
              "PREFIX": {
                "prefix_token": "MINUS",
                "right_hand": {
                  "INTEGER": {
                    "integer_token": {
                      "INTEGER": {
                        "literal": "5"
                      }
                    }
                  }
                }
              }
            },
            "operator_token": "MULTIPLY",
            "right_hand": {
              "INTEGER": {
                "integer_token": {
                  "INTEGER": {
                    "literal": "10"
                  }
                }
              }
            }
          }
        }
      }
    }
  ],
  "syntax_parsing_errors": []
}
