---
source: src/tests/environment/mod.rs
expression: evaluator
---
Evaluator {
    environment: Environment {
        variables: {
            "a": Integer {
                value: 625,
            },
            "b": Integer {
                value: 91,
            },
        },
        sub_environment: None,
    },
}
