---
source: src/tests/fn_expression/mod.rs
expression: abstract_syntax_tree
---
[
    Expression {
        expression: Function {
            parameters: [
                "x",
                "y",
            ],
            block: Block {
                nodes: [
                    Statement {
                        statement: Return {
                            expression: PlusInfix {
                                left_hand: Identifier {
                                    identifier: "x",
                                },
                                right_hand: Identifier {
                                    identifier: "y",
                                },
                            },
                        },
                    },
                ],
            },
        },
    },
]
