---
source: src/tests/fn_expression/mod.rs
expression: abstract_syntax_tree
---
[
    Expression {
        expression: Function {
            parameters: [],
            block: Block {
                nodes: [
                    Expression {
                        expression: Integer {
                            literal: 3,
                        },
                    },
                ],
            },
        },
    },
]
