---
source: src/tests/fn_expression/mod.rs
expression: tokens
---
[
    Function,
    OpeningRoundBracket,
    Identifier {
        literal: "x",
    },
    Comma,
    Identifier {
        literal: "y",
    },
    ClosingRoundBracket,
    OpeningCurlyBracket,
    Identifier {
        literal: "x",
    },
    Plus,
    Identifier {
        literal: "y",
    },
    SemiColon,
    ClosingCurlyBracket,
    SemiColon,
    EndOfFile,
]
