---
source: src/syntax_analysis/expressions/function_expression/tests.rs
expression: returned_abstract_syntax_tree
---
{
  "abstract_syntax_tree": [
    {
      "EXPRESSION": {
        "expression": {
          "FUNCTION": {
            "parameters": [
              {
                "IDENTIFIER": {
                  "identifier_token": {
                    "IDENTIFIER": {
                      "literal": "x"
                    }
                  }
                }
              },
              {
                "IDENTIFIER": {
                  "identifier_token": {
                    "IDENTIFIER": {
                      "literal": "y"
                    }
                  }
                }
              }
            ],
            "block": {
              "BLOCK": {
                "blocks": [
                  {
                    "EXPRESSION": {
                      "expression": {
                        "INFIX": {
                          "left_hand_expression": {
                            "IDENTIFIER": {
                              "identifier_token": {
                                "IDENTIFIER": {
                                  "literal": "x"
                                }
                              }
                            }
                          },
                          "operator_token": "PLUS",
                          "right_hand_expression": {
                            "IDENTIFIER": {
                              "identifier_token": {
                                "IDENTIFIER": {
                                  "literal": "y"
                                }
                              }
                            }
                          }
                        }
                      }
                    }
                  }
                ]
              }
            }
          }
        }
      }
    }
  ],
  "syntax_parsing_errors": []
}
