---
source: src/syntax_analysis/expression/function_expression/tests/mod.rs
expression: "crate::syntax_analysis::SyntaxAnalysis::from(crate::lexical_analysis::LexicalAnalysis::from(code))"

---
AbstractSyntaxTree {
    abstract_syntax_tree: [
        Expression {
            expression: Function {
                parameters: [
                    "x",
                    "y",
                ],
                block: Block {
                    nodes: [
                        Expression {
                            expression: Infix {
                                left_hand: Identifier {
                                    identifier: "x",
                                },
                                operator_token: Plus,
                                right_hand: Identifier {
                                    identifier: "y",
                                },
                            },
                        },
                    ],
                },
            },
        },
    ],
    syntax_parsing_errors: [],
}
