---
source: src/tests/code_samples/mod.rs
expression: abstract_syntax_tree
---
[
    Statement {
        statement: Let {
            identifier: "fibonacci",
            expression: Function {
                parameters: [
                    "x",
                ],
                block: Block {
                    nodes: [
                        Expression {
                            expression: If {
                                condition: Infix {
                                    left_hand: Identifier {
                                        identifier: "x",
                                    },
                                    operator: Equals,
                                    right_hand: Integer {
                                        literal: 0,
                                    },
                                },
                                consequence: Block {
                                    nodes: [
                                        Expression {
                                            expression: Integer {
                                                literal: 0,
                                            },
                                        },
                                    ],
                                },
                                alternative: Some(
                                    Block {
                                        nodes: [
                                            Expression {
                                                expression: If {
                                                    condition: Infix {
                                                        left_hand: Identifier {
                                                            identifier: "x",
                                                        },
                                                        operator: Equals,
                                                        right_hand: Integer {
                                                            literal: 1,
                                                        },
                                                    },
                                                    consequence: Block {
                                                        nodes: [
                                                            Expression {
                                                                expression: Integer {
                                                                    literal: 1,
                                                                },
                                                            },
                                                        ],
                                                    },
                                                    alternative: Some(
                                                        Block {
                                                            nodes: [
                                                                Expression {
                                                                    expression: PlusInfix {
                                                                        left_hand: Call {
                                                                            function: Identifier {
                                                                                identifier: "fibonacci",
                                                                            },
                                                                            arguments: [
                                                                                MinusInfix {
                                                                                    left_hand: Identifier {
                                                                                        identifier: "x",
                                                                                    },
                                                                                    right_hand: Integer {
                                                                                        literal: 1,
                                                                                    },
                                                                                },
                                                                            ],
                                                                        },
                                                                        right_hand: Call {
                                                                            function: Identifier {
                                                                                identifier: "fibonacci",
                                                                            },
                                                                            arguments: [
                                                                                MinusInfix {
                                                                                    left_hand: Identifier {
                                                                                        identifier: "x",
                                                                                    },
                                                                                    right_hand: Integer {
                                                                                        literal: 2,
                                                                                    },
                                                                                },
                                                                            ],
                                                                        },
                                                                    },
                                                                },
                                                            ],
                                                        },
                                                    ),
                                                },
                                            },
                                        ],
                                    },
                                ),
                            },
                        },
                    ],
                },
            },
        },
    },
    Expression {
        expression: Call {
            function: Identifier {
                identifier: "fibonacci",
            },
            arguments: [
                Integer {
                    literal: 9,
                },
            ],
        },
    },
]
