---
source: src/syntax_analysis/statements/tests.rs
expression: returned_abstract_syntax_tree
---
{
  "abstract_syntax_tree": [
    {
      "STATEMENT": {
        "statement": {
          "LET": {
            "identifier_token": {
              "IDENTIFIER": {
                "literal": "x"
              }
            },
            "expression": {
              "INTEGER": {
                "integer_token": {
                  "INTEGER": {
                    "literal": "5"
                  }
                }
              }
            }
          }
        }
      }
    }
  ],
  "syntax_parsing_errors": []
}
