---
source: src/syntax_analysis/statements/tests.rs
expression: returned_abstract_syntax_tree
---
{
  "abstract_syntax_tree": [
    {
      "STATEMENT": {
        "statement": {
          "LET": {
            "identifier_token": {
              "IDENTIFIER": {
                "literal": "x"
              }
            },
            "expression": {
              "INTEGER": {
                "integer_token": {
                  "INTEGER": {
                    "literal": "5"
                  }
                }
              }
            }
          }
        }
      }
    },
    {
      "STATEMENT": {
        "statement": {
          "LET": {
            "identifier_token": {
              "IDENTIFIER": {
                "literal": "z"
              }
            },
            "expression": {
              "INFIX": {
                "left_hand_expression": {
                  "INTEGER": {
                    "integer_token": {
                      "INTEGER": {
                        "literal": "7"
                      }
                    }
                  }
                },
                "operator_token": "PLUS",
                "right_hand_expression": {
                  "INTEGER": {
                    "integer_token": {
                      "INTEGER": {
                        "literal": "10"
                      }
                    }
                  }
                }
              }
            }
          }
        }
      }
    }
  ],
  "syntax_parsing_errors": []
}
