---
source: src/syntax_analysis/expression/grouped_expression/tests/mod.rs
expression: "crate::syntax_analysis::SyntaxAnalysis::from(crate::lexical_analysis::LexicalAnalysis::from(code).unwrap())"

---
Ok(
    [
        Expression {
            expression: Prefix {
                prefix: Minus,
                right_hand: Infix {
                    left_hand: Integer {
                        literal: 5,
                    },
                    operator: Multiply,
                    right_hand: Integer {
                        literal: 10,
                    },
                },
            },
        },
    ],
)
