---
source: src/syntax_analysis/expressions/if_expression/tests.rs
expression: "crate::syntax_analysis::get_abstract_syntax_tree(crate::lexical_analysis::get_tokens(code))"
---
{
  "abstract_syntax_tree": [
    {
      "EXPRESSION": {
        "expression": {
          "IF": {
            "condition": {
              "INFIX": {
                "left_hand_node": {
                  "EXPRESSION": {
                    "expression": {
                      "IDENTIFIER": {
                        "identifier_token": {
                          "IDENTIFIER": {
                            "literal": "x"
                          }
                        }
                      }
                    }
                  }
                },
                "operator_token": "LESSER_THAN",
                "right_hand_node": {
                  "EXPRESSION": {
                    "expression": {
                      "IDENTIFIER": {
                        "identifier_token": {
                          "IDENTIFIER": {
                            "literal": "y"
                          }
                        }
                      }
                    }
                  }
                }
              }
            },
            "consequence": {
              "BLOCK": {
                "blocks": [
                  {
                    "EXPRESSION": {
                      "expression": {
                        "IDENTIFIER": {
                          "identifier_token": {
                            "IDENTIFIER": {
                              "literal": "x"
                            }
                          }
                        }
                      }
                    }
                  }
                ]
              }
            },
            "alternative": {
              "BLOCK": {
                "blocks": [
                  {
                    "EXPRESSION": {
                      "expression": {
                        "IDENTIFIER": {
                          "identifier_token": {
                            "IDENTIFIER": {
                              "literal": "y"
                            }
                          }
                        }
                      }
                    }
                  }
                ]
              }
            }
          }
        }
      }
    }
  ],
  "syntax_parsing_errors": []
}
