---
source: src/tests/integer_infix_boolean_expression/mod.rs
expression: abstract_syntax_tree
---
[
    Expression {
        expression: Infix {
            left_hand: Integer {
                literal: 2,
            },
            operator: LesserThan,
            right_hand: Integer {
                literal: 3,
            },
        },
    },
]
