---
source: src/tests/integer_infix_boolean_expression/mod.rs
assertion_line: 24
expression: tokens
---
[
    PositionedToken {
        token: Integer {
            literal: 1,
        },
        position: Position {
            line: 1,
            column: 1,
        },
    },
    PositionedToken {
        token: LesserThan,
        position: Position {
            line: 1,
            column: 3,
        },
    },
    PositionedToken {
        token: Integer {
            literal: 2,
        },
        position: Position {
            line: 1,
            column: 5,
        },
    },
    PositionedToken {
        token: Equals,
        position: Position {
            line: 1,
            column: 7,
        },
    },
    PositionedToken {
        token: False,
        position: Position {
            line: 1,
            column: 10,
        },
    },
]
