---
source: src/syntax_analysis/expressions/pratt_parsing/infix_expression/tests.rs
expression: returned_abstract_syntax_tree
---
{
  "abstract_syntax_tree": [
    {
      "EXPRESSION": {
        "expression": {
          "INFIX": {
            "left_hand_expression": {
              "INFIX": {
                "left_hand_expression": {
                  "INTEGER": {
                    "integer_token": {
                      "INTEGER": {
                        "literal": "10"
                      }
                    }
                  }
                },
                "operator_token": "GREATER_THAN",
                "right_hand_expression": {
                  "INTEGER": {
                    "integer_token": {
                      "INTEGER": {
                        "literal": "5"
                      }
                    }
                  }
                }
              }
            },
            "operator_token": "EQUALS",
            "right_hand_expression": {
              "BOOLEAN": {
                "boolean_token": "TRUE"
              }
            }
          }
        }
      }
    }
  ],
  "syntax_parsing_errors": []
}
