---
source: src/tests/syntax_analysis_error/invalid_let_statement/mod.rs
assertion_line: 23
expression: tokens
---
[
    PositionedToken {
        token: Let,
        position: Position {
            line: 1,
            column: 2,
        },
    },
    PositionedToken {
        token: Identifier {
            literal: "file",
        },
        position: Position {
            line: 1,
            column: 6,
        },
    },
    PositionedToken {
        token: SemiColon,
        position: Position {
            line: 1,
            column: 10,
        },
    },
]
