---
source: src/evaluator/expression/function/tests/mod.rs
expression: "evaluator.evaluate(crate::syntax_analysis::SyntaxAnalysis::from(crate::lexical_analysis::LexicalAnalysis::from(code).unwrap()).unwrap())"

---
Ok(
    Function {
        parameters: [
            "x",
            "y",
        ],
        block: Block {
            nodes: [
                Expression {
                    expression: Infix {
                        left_hand: Identifier {
                            identifier: "x",
                        },
                        operator_token: Plus,
                        right_hand: Identifier {
                            identifier: "y",
                        },
                    },
                },
            ],
        },
    },
)
