---
source: src/tests/syntax_analysis_error/invalid_integer_prefix_expression/mod.rs
assertion_line: 20
expression: error
---
Err(
    Error {
        context: "A prefix expression must have a right hand expression.",
        source: "Do not know how to parse SemiColon as an expression at line 1, column 14.",
    },
)
