---
source: src/tests/boolean_infix_expression/mod.rs
expression: abstract_syntax_tree
---
[
    Expression {
        expression: Infix {
            left_hand: Boolean {
                boolean: False,
            },
            operator: Equals,
            right_hand: Boolean {
                boolean: False,
            },
        },
    },
]
